<?xml version="1.0" encoding="UTF-8"?>
<testsuites>
  <testsuite name="accountManagmentTest" file="/Users/jiaming/IT/Software Development/Advanced Software Development/Again-C0.-E-Vinty-/tests/accountManagmentTest.php" tests="10" assertions="116" errors="0" failures="0" skipped="0" time="0.687893">
    <testcase name="testAdminRoleRequirements" file="/Users/jiaming/IT/Software Development/Advanced Software Development/Again-C0.-E-Vinty-/tests/accountManagmentTest.php" line="37" class="accountManagmentTest" classname="accountManagmentTest" assertions="9" time="0.007902"/>
    <testcase name="testAdminCanViewUserAccountsList" file="/Users/jiaming/IT/Software Development/Advanced Software Development/Again-C0.-E-Vinty-/tests/accountManagmentTest.php" line="70" class="accountManagmentTest" classname="accountManagmentTest" assertions="40" time="0.002522"/>
    <testcase name="testAdminCanActivateDeactivateAccounts" file="/Users/jiaming/IT/Software Development/Advanced Software Development/Again-C0.-E-Vinty-/tests/accountManagmentTest.php" line="154" class="accountManagmentTest" classname="accountManagmentTest" assertions="4" time="0.000784"/>
    <testcase name="testAccountStatusChangeValidation" file="/Users/jiaming/IT/Software Development/Advanced Software Development/Again-C0.-E-Vinty-/tests/accountManagmentTest.php" line="188" class="accountManagmentTest" classname="accountManagmentTest" assertions="4" time="0.000155"/>
    <testcase name="testAdminCanResetUserPasswords" file="/Users/jiaming/IT/Software Development/Advanced Software Development/Again-C0.-E-Vinty-/tests/accountManagmentTest.php" line="220" class="accountManagmentTest" classname="accountManagmentTest" assertions="8" time="0.541596"/>
    <testcase name="testPasswordResetValidation" file="/Users/jiaming/IT/Software Development/Advanced Software Development/Again-C0.-E-Vinty-/tests/accountManagmentTest.php" line="266" class="accountManagmentTest" classname="accountManagmentTest" assertions="3" time="0.000677"/>
    <testcase name="testAdminCanChangeUserRoles" file="/Users/jiaming/IT/Software Development/Advanced Software Development/Again-C0.-E-Vinty-/tests/accountManagmentTest.php" line="310" class="accountManagmentTest" classname="accountManagmentTest" assertions="10" time="0.000204"/>
    <testcase name="testRoleChangeValidation" file="/Users/jiaming/IT/Software Development/Advanced Software Development/Again-C0.-E-Vinty-/tests/accountManagmentTest.php" line="352" class="accountManagmentTest" classname="accountManagmentTest" assertions="18" time="0.000192"/>
    <testcase name="testRoleHierarchyValidation" file="/Users/jiaming/IT/Software Development/Advanced Software Development/Again-C0.-E-Vinty-/tests/accountManagmentTest.php" line="391" class="accountManagmentTest" classname="accountManagmentTest" assertions="11" time="0.001196"/>
    <testcase name="testCompleteAdminUserManagementWorkflow" file="/Users/jiaming/IT/Software Development/Advanced Software Development/Again-C0.-E-Vinty-/tests/accountManagmentTest.php" line="418" class="accountManagmentTest" classname="accountManagmentTest" assertions="9" time="0.132664"/>
  </testsuite>
</testsuites>
